// Jest Snapshot v1, https://goo.gl/fbAQLP

exports[`it renders a subreddit submit page and submits successfully does not load unless signed in 1`] = `
<div>
  <div>
    <form
      class="Form-sc-1tx35ym-0 etUUQp"
      method="POST"
    >
      <h2>
        Sign Into Your Account
      </h2>
      <fieldset>
        <label
          for="email"
        >
          Email
          <input
            autocomplete="email"
            name="email"
            placeholder="Your Email Address"
            type="email"
            value=""
          />
        </label>
        <label
          for="password"
        >
          Password
          <input
            autocomplete="password"
            name="password"
            placeholder="Password"
            type="password"
            value=""
          />
        </label>
        <button
          type="submit"
        >
          Sign In
        </button>
      </fieldset>
    </form>
    <style>
                      body, html{                background-color:white;                }            
    </style>
  </div>
</div>
`;

exports[`it renders a subreddit submit page and submits successfully loads when signed in 1`] = `
<div>
  <div>
    <div>
      <form
        class="SubredditForm__Form-q7oa8i-0 kqHjhW"
      >
        <fieldset>
          <label
            for="name"
          >
            Name 
            false
            <br />
            <span
              class="lower-form-text"
            >
              no spaces or special characters.
            </span>
            <input
              class=""
              id="name"
              name="name"
              placeholder="name"
              required=""
              type="text"
              value=""
            />
          </label>
          <label
            for="title"
          >
            Title 
            <br />
            <input
              id="title"
              name="title"
              placeholder="title"
              required=""
              type="text"
              value=""
            />
          </label>
          <label
            for="description"
          >
            Description 
            <br />
            <textarea
              id="description"
              name="description"
              placeholder="description"
            />
          </label>
          <label
            for="sidebar"
          >
            Sidebar 
            <br />
            <textarea
              id="sidebar"
              name="sidebar"
              placeholder="sidebar"
            />
          </label>
          <button
            type="submit"
          >
            Create Subreddit
          </button>
        </fieldset>
      </form>
    </div>
    <style>
                      body, html{                background-color:white;                }            
    </style>
  </div>
</div>
`;
